<?xml version="1.0" encoding="utf-8"?><testsuites><testsuite name="pytest" errors="0" failures="0" skipped="0" tests="42" time="6.086" timestamp="2025-05-01T13:24:10.073727+02:00" hostname="Pavlos-MacBook-Air.local"><testcase classname="tests.test_routes.TestUser" name="test_check_box" time="0.108" /><testcase classname="tests.test_routes.TestUser" name="test_confirm_email" time="0.229" /><testcase classname="tests.test_routes.TestUser" name="test_confirm_email_error" time="0.223" /><testcase classname="tests.test_routes.TestUser" name="test_email_confirmation" time="0.009" /><testcase classname="tests.test_routes.TestUser" name="test_forgot_password_email_not_found" time="0.010" /><testcase classname="tests.test_routes.TestUser" name="test_forgot_password_no_email_entered" time="0.009" /><testcase classname="tests.test_routes.TestUser" name="test_forgot_password_successful" time="0.234" /><testcase classname="tests.test_routes.TestUser" name="test_forgot_password_too_soon" time="0.235" /><testcase classname="tests.test_routes.TestUser" name="test_google_register_authorized" time="0.011" /><testcase classname="tests.test_routes.TestUser" name="test_google_register_authorized_exception" time="0.014" /><testcase classname="tests.test_routes.TestUser" name="test_google_register_authorized_existing_user" time="0.008" /><testcase classname="tests.test_routes.TestUser" name="test_google_register_authorized_missing_nonce" time="0.009" /><testcase classname="tests.test_routes.TestUser" name="test_login_authenticated" time="0.235" /><testcase classname="tests.test_routes.TestUser" name="test_login_error" time="0.017" /><testcase classname="tests.test_routes.TestUser" name="test_login_with_good_form" time="0.460" /><testcase classname="tests.test_routes.TestUser" name="test_login_with_wrong_form" time="0.507" /><testcase classname="tests.test_routes.TestUser" name="test_logout" time="0.239" /><testcase classname="tests.test_routes.TestUser" name="test_register_authenticated_user" time="0.228" /><testcase classname="tests.test_routes.TestUser" name="test_register_google" time="0.008" /><testcase classname="tests.test_routes.TestUser" name="test_register_invalid_form" time="0.013" /><testcase classname="tests.test_routes.TestUser" name="test_register_land" time="0.009" /><testcase classname="tests.test_routes.TestUser" name="test_register_successful_user" time="0.258" /><testcase classname="tests.test_routes.TestUser" name="test_resend_confirmation_confirmed" time="0.231" /><testcase classname="tests.test_routes.TestUser" name="test_resend_confirmation_unconfirmed" time="0.230" /><testcase classname="tests.test_routes.TestUser" name="test_resend_confirmation_unconfirmed_error" time="0.223" /><testcase classname="tests.test_routes.TestUser" name="test_resend_confirmation_undefined_user" time="0.012" /><testcase classname="tests.test_routes.TestUser" name="test_reset_password_authenticated_user" time="0.466" /><testcase classname="tests.test_routes.TestUser" name="test_reset_password_invalid_token" time="0.009" /><testcase classname="tests.test_routes.TestUser" name="test_reset_password_token_already_used" time="0.233" /><testcase classname="tests.test_routes.TestUser" name="test_reset_password_valid_token_invalid_form" time="0.234" /><testcase classname="tests.test_routes.TestUser" name="test_reset_password_valid_token_valid_form" time="0.448" /><testcase classname="tests.test_routes.TestUser" name="test_reset_password_with_authenticated_user" time="0.445" /><testcase classname="tests.test_routes.TestUser" name="test_setup_password_invalid_session" time="0.012" /><testcase classname="tests.test_routes.TestUser" name="test_setup_password_username_taken" time="0.013" /><testcase classname="tests.test_routes.TestUser" name="test_setup_password_valid" time="0.016" /><testcase classname="tests.test_routes.TestUser" name="test_test_template" time="0.008" /><testcase classname="tests.test_utils.TestUtils" name="test_generate_nonce_characters" time="0.000" /><testcase classname="tests.test_utils.TestUtils" name="test_generate_nonce_length" time="0.000" /><testcase classname="tests.test_utils.TestUtils" name="test_send_confirmation_email" time="0.005" /><testcase classname="tests.test_utils.TestUtils" name="test_send_confirmation_email_error" time="0.004" /><testcase classname="tests.test_utils.TestUtils" name="test_send_reset_password" time="0.004" /><testcase classname="tests.test_utils.TestUtils" name="test_send_reset_password_error" time="0.005" /></testsuite></testsuites>